
> thepainkillermd@0.1.0 dev
> next dev

▲ Next.js 16.3.3 (Turbopack)
- Local:         http://localhost:59887
- Network:       http://192.168.29.242:59887
✓ Ready in 1175ms
✓ Running next.config.ts took 91ms

 GET / 200 in 2.3s (next.js: 247ms, application-code: 2.1s)
 GET / 200 in 74ms (next.js: 4ms, application-code: 69ms)
 GET /conditions 200 in 92ms (next.js: 30ms, application-code: 62ms)
 GET /conditions/sciatica 200 in 734ms (next.js: 685ms, application-code: 49ms)
 GET /procedures 200 in 88ms (next.js: 25ms, application-code: 63ms)
 GET /procedures/epidural-steroid-injection 200 in 692ms (next.js: 650ms, application-code: 41ms)
 GET /medications 200 in 80ms (next.js: 35ms, application-code: 45ms)
 GET /medications/gabapentin 200 in 709ms (next.js: 664ms, application-code: 45ms)
 GET /pain-navigator 200 in 69ms (next.js: 24ms, application-code: 45ms)
 GET /pain/low-back-pain 200 in 763ms (next.js: 715ms, application-code: 48ms)
 GET /doctor 200 in 69ms (next.js: 27ms, application-code: 42ms)
 GET /clinic 200 in 67ms (next.js: 24ms, application-code: 43ms)
 GET /education 200 in 64ms (next.js: 23ms, application-code: 41ms)
 GET /videos 200 in 86ms (next.js: 29ms, application-code: 56ms)
 GET /disclaimer 200 in 65ms (next.js: 27ms, application-code: 38ms)
 GET /privacy 200 in 75ms (next.js: 26ms, application-code: 49ms)
 GET /terms 200 in 87ms (next.js: 29ms, application-code: 58ms)
 GET /editorial 200 in 58ms (next.js: 24ms, application-code: 34ms)
 GET /cookie-policy 200 in 59ms (next.js: 25ms, application-code: 34ms)
 GET /patient-info 200 in 59ms (next.js: 25ms, application-code: 35ms)
 GET / 200 in 83ms (next.js: 5ms, application-code: 78ms)
 GET / 200 in 141ms (next.js: 6ms, application-code: 135ms)
 GET /pain-navigator 200 in 57ms (next.js: 5ms, application-code: 52ms)
 GET /conditions/sciatica 200 in 94ms (next.js: 21ms, application-code: 72ms)
 GET /doctor 200 in 52ms (next.js: 5ms, application-code: 47ms)
 GET /clinic 200 in 39ms (next.js: 4ms, application-code: 35ms)
 GET /pain/low-back-pain 200 in 2.8s (next.js: 2.7s, application-code: 65ms)
 GET /procedures/epidural-steroid-injection 200 in 69ms (next.js: 16ms, application-code: 53ms)
 GET /procedures/lumbar-epidural-injection 200 in 84ms (next.js: 15ms, application-code: 69ms)
 GET /medications/gabapentin 200 in 82ms (next.js: 16ms, application-code: 66ms)
 GET /medications/neuropathic-modulators 200 in 57ms (next.js: 16ms, application-code: 41ms)
 GET /education 200 in 46ms (next.js: 5ms, application-code: 40ms)
 GET /education 200 in 27ms (next.js: 5ms, application-code: 22ms)
✓ Compiled in 157ms
✓ Compiled in 243ms
 GET /education 200 in 29ms (next.js: 6ms, application-code: 23ms)
 GET /education 200 in 66ms (next.js: 5ms, application-code: 61ms)
 GET /pain-navigator 200 in 60ms (next.js: 14ms, application-code: 45ms)
 GET /pain-navigator 200 in 61ms (next.js: 13ms, application-code: 48ms)
[?25h
